################################################################################
#                                                                              #
#      IAR Universal Linker V6.6.2.104                                         #
#                                                                              #
#           Link time     =  02/Nov/2022  12:11:49                             #
#           Target CPU    =  MSP430                                            #
#           List file     =  "C:\Users\Yariel Mercado\Desktop\Grupo07TareaFPQ\ #
#                            Debug\List\Grupo07TareaFPQ.map"                   #
#           Output file 1 =  "C:\Users\Yariel Mercado\Desktop\Grupo07TareaFPQ\ #
#                            Debug\Exe\Grupo07TareaFPQ.d43"                    #
#                            Format: ubrof10                                   #
#                            UBROF version 10.0.6                              #
#                            Using library modules for C-SPY (-rt)             #
#           Command line  =  -f                                                #
#                            C:\Users\YARIEL~1\AppData\Local\Temp\EWD732.tmp   #
#                            ("C:\Users\Yariel Mercado\Desktop\Grupo07TareaFPQ #
#                            \Debug\Obj\asm.r43"                               #
#                            -o                                                #
#                            "C:\Users\Yariel Mercado\Desktop\Grupo07TareaFPQ\ #
#                            Debug\Exe\Grupo07TareaFPQ.d43"                    #
#                            -l                                                #
#                            "C:\Users\Yariel Mercado\Desktop\Grupo07TareaFPQ\ #
#                            Debug\List\Grupo07TareaFPQ.map"                   #
#                            -xms "-ID:\Program Files (HDD)\430\LIB\\" -f      #
#                            "D:\Program Files (HDD)\430\config\linker\lnk430f #
#                            r6989.xcl"                                        #
#                            (-cmsp430 -QCODE_I=CODE_ID -QTLS16_I=TLS16_ID     #
#                            -D__iar_HWMUL=4C0 -Z(CONST)INFO=1800-19FF         #
#                            -Z(CONST)INFOA=1980-19FF                          #
#                            -Z(CONST)INFOB=1900-197F                          #
#                            -Z(CONST)INFOC=1880-18FF                          #
#                            -Z(CONST)INFOD=1800-187F                          #
#                            -Z(DATA)TINYRAM=0006-001F                         #
#                            -Z(DATA)DATA16_I,DATA16_Z,DATA16_N,TLS16_I=1C00-2 #
#                            3FF                                               #
#                            -Z(DATA)CODE_I                                    #
#                            -Z(DATA)DATA20_I,DATA20_Z,DATA20_N                #
#                            -Z(DATA)CSTACK+_STACK_SIZE#                       #
#                            -Z(CONST)DATA16_P,DATA20_P=4400-FF7F              #
#                            -Z(DATA)DATA16_HEAP+_DATA16_HEAP_SIZE             #
#                            -Z(DATA)DATA20_HEAP+_DATA20_HEAP_SIZE             #
#                            -Z(CONST)MPU_B1 -Z(CONST)IPE_B1=4400-FF7F         #
#                            -Z(DATA)IPEDATA16_N -Z(CODE)IPECODE16             #
#                            -Z(CONST)IPEDATA16_C,IPE_B2 -Z(CONST)MPU_B2       #
#                            -Z(CONST)DATA16_C,DATA16_ID,TLS16_ID,DIFUNCT,CHEC #
#                            KSUM=4400-FF7F                                    #
#                            -Z(CODE)CSTART,ISR_CODE,CODE16=4400-FF7F          #
#                            -P(CODE)CODE=4400-FF7F,10000-23FF7                #
#                            -Z(CODE)CODE_PAD                                  #
#                            -Z(CONST)DATA20_C,DATA20_ID,CODE_ID=4400-FF7F,100 #
#                            40-23FF7                                          #
#                            -Z(CONST)SIGNATURE=FF80-FF8F                      #
#                            -Z(CONST)JTAGSIGNATURE=FF80-FF83                  #
#                            -Z(CONST)BSLSIGNATURE=FF84-FF87                   #
#                            -Z(CONST)IPESIGNATURE=FF88-FF8F                   #
#                            -Z(CODE)INTVEC=FF90-FFFF                          #
#                            -Z(CODE)RESET=FFFE-FFFF) -f                       #
#                            "D:\Program Files (HDD)\430\config\linker\multipl #
#                            ier32.xcl"                                        #
#                            (-e?Mul8Hw=?Mul8 -e?Mul16Hw=?Mul16                #
#                            -e?Mul16to32uHw=?Mul16to32u                       #
#                            -e?Mul16to32sHw=?Mul16to32s -e?Mul32Hw32=?Mul32   #
#                            -e?Mul64Hw32=_Mul64i                              #
#                            -e?Mul32u32uto64iHw32=_Mul32u32uto64i             #
#                            -e?Mul32fHw32=_Mul32f                             #
#                            -e_Mul64fHw32Ptr=_Mul64fPtr) -D_STACK_SIZE=A0     #
#                            -rt -D_DATA16_HEAP_SIZE=A0                        #
#                            -D_DATA20_HEAP_SIZE=50)                           #
#                                                                              #
#                           Copyright (C) 1987-2019 IAR Systems AB.            #
################################################################################





                ****************************************
                *                                      *
                *           CROSS REFERENCE            *
                *                                      *
                ****************************************

                  There are no program entries.


                ****************************************
                *                                      *
                *    AUTOMATIC SYMBOL REDIRECTIONS     *
                *                                      *
                ****************************************

                  There are no automatic symbol redirections.



                ****************************************
                *                                      *
                *              MODULE MAP              *
                *                                      *
                ****************************************


  DEFINED ABSOLUTE ENTRIES
    *************************************************************************

  DEFINED ABSOLUTE ENTRIES
  PROGRAM MODULE, NAME : ?ABS_ENTRY_MOD

Absolute parts
           ENTRY                   ADDRESS         REF BY
           =====                   =======         ======
           _DATA20_HEAP_SIZE       0050 
           _DATA16_HEAP_SIZE       00A0 
           _STACK_SIZE             00A0 
           __iar_HWMUL             04C0 
    *************************************************************************

  FILE NAME : C:\Users\Yariel Mercado\Desktop\Grupo07TareaFPQ\Debug\Obj\asm.r43
  PROGRAM MODULE, NAME : main

Absolute parts
     FFFE - FFFF
           LOCAL                   ADDRESS         
           =====                   =======         
           __MSP430FR5922__        0000 
  SEGMENTS IN THE MODULE
  ======================
CSTACK
  Relative segment, address: 2360, align: 1
  Segment part 0. ROOT 
    -------------------------------------------------------------------------
<CODE> 1 (was CODE)
  Relative segment, address: 4400 - 6365 (0x1f66 bytes), align: 1
  Segment part 1. ROOT        Intra module refs:   Absolute parts
           ENTRY                   ADDRESS         REF BY
           =====                   =======         ======
           main                    608A 
           LOCAL                   ADDRESS         
           =====                   =======         
           init                    6042 
           CHAR1_H                 6000 
           CHAR1_L                 6003 
           CHAR2_H                 6006 
           CHAR2_L                 6009 
           CHAR3_H                 600C 
           CHAR3_L                 600F 
           CHAR4_H                 6012 
           CHAR4_L                 6015 
           CHAR5_H                 6018 
           CHAR5_L                 601B 
           CHAR6_H                 601E 
           CHAR6_L                 6021 
           S_OPTION_H              6024 
           S_OPTION_L              6026 
           CONVERSION_CHAR1_H      6028 
           CONVERSION_CHAR1_L      602A 
           CONVERSION_CHAR2_H      602C 
           CONVERSION_CHAR2_L      602E 
           DIGITS_H                6030 
           DIGITS_L                6032 
           BITS_H                  6034 
           BITS_L                  603B 
           UnlockGPIO              6046 
           setupDisplayAndPorts    604A 
           titleScreen             60AA 
           namesState              60F0 
           signedScreen            6180 
           conversionScreen        61EA 
           numDigitsBits           6266 
           programEnd              6362 
           titleScreenInput        60D4 
           titleScreenDebounce     60E0 
           S1P1Debounce            6336 
           drawNames               60F8 
           resetNamesIndex         614E 
           namesInput              6152 
           namesInputS1P2Debounce
                                   6164 
           namesInputS1P1Debounce
                                   616E 
           S1P2Debounce            6344 
           signedInput             61AC 
           signedS1P1Debounce      61BE 
           signedS1P2Debounce      61D2 
           conversionInput         621C 
           conversionS1P1Debounce
                                   622E 
           conversionS1P2Debounce
                                   6242 
           numDigits               6296 
           numBits                 62A4 
           numDigitsInput          62AC 
           numBitsInput            62BE 
           numDigitsS1P1Debounce   62D0 
           numDigitsS1P2Debounce   62E6 
           numBitsS1P1Debounce     62FE 
           numBitsS1P2Debounce     6312 
           cycleBits               631E 
           resetRegister           6332 
           delay                   6352 
           loop                    635A 




                ****************************************
                *                                      *
                *      SEGMENTS IN ADDRESS ORDER       *
                *                                      *
                ****************************************


SEGMENT              SPACE    START ADDRESS   END ADDRESS     SIZE  TYPE  ALIGN
=======              =====    =============   ===========     ====  ====  =====
CSTACK                                 2360 - 23FF              A0   rel    1
<CODE> 1                               4400 - 6365            1F66   rel    1
                                       FFFE - FFFF               2  aseg  

                ****************************************
                *                                      *
                *        END OF CROSS REFERENCE        *
                *                                      *
                ****************************************

 8 038 bytes of CODE memory (+ 2 absolute )
   160 bytes of DATA memory

Errors: none
Warnings: none

